// Jest Snapshot v1, https://goo.gl/fbAQLP

exports[`simple.jsx: simple.jsx 1`] = `
"import React from 'react'

import cx from \\"classnames\\";

export default function Component() {
    return (
        <div>
            <p className='ciao'></p>
            <p className={{cx(\\"a b c d e\\", \\"f g\\")}}></p>
            <p
                className={{cx(\\"a b c d e\\", \\"f g\\", \\"another one\\", true && 'another')}}
            ></p>
            <p className={{cx(\\"ciao sono un template literal\\", x)}}></p>
            <p className={{cx(cond ? 'literal-class' : '')}}></p>
            <p className={{cx(\\"x\\", cond ? 'literal-class' : '', \\"z\\")}}></p>

            <p className={{cx(\\"ciao sono un literal\\")}}></p>
            <p className={{cx(\\"a b c d e\\", \\"f g\\")}}></p>
        </div>
    );
}"
`;
